GuardMalloc[timeout-85958]: Allocations will be placed on 16 byte boundaries.
GuardMalloc[timeout-85958]:  - Some buffer overruns may not be noticed.
GuardMalloc[timeout-85958]:  - Applications using vector instructions (e.g., SSE) should work.
GuardMalloc[timeout-85958]: version 064575.39.1
GuardMalloc[harness3-85959]: Allocations will be placed on 16 byte boundaries.
GuardMalloc[harness3-85959]:  - Some buffer overruns may not be noticed.
GuardMalloc[harness3-85959]:  - Applications using vector instructions (e.g., SSE) should work.
GuardMalloc[harness3-85959]: version 064575.39.1

==================== FORMATS: what load_existing_assignments makes of each accepted layout ====================
Added assignment for 6033.5900 MHz
Loaded 1 assignments from case.txt
new_nqn4         -> n=1  exp=6033.5894 exp_int=1.000e-03 pred: f=6033.5900 n_qn=4 U=(12 2 10 2 0 0) L=(11 2 9 2 0 0) lin=1.0000e-03
Added assignment for 5999.2867 MHz
Loaded 1 assignments from case.txt
new_nqn1_bug     -> n=1  exp=5999.2461 exp_int=1.365e-04 pred: f=5999.2867 n_qn=1 U=(11 0 0 0 0 0) L=(10 0 0 0 0 0) lin=1.3649e-04
Added assignment for 2511.3375 MHz
Loaded 1 assignments from case.txt
legacy16_nqn3    -> n=1  exp=2511.3375 exp_int=1.000e-05 pred: f=2511.3375 n_qn=3 U=(4 1 4 0 0 0) L=(3 1 3 0 0 0) lin=0.0000e+00
Added assignment for 3300.0100 MHz
Loaded 1 assignments from case.txt
legacy16_nqn6    -> n=1  exp=4.0000 exp_int=2.000e-05 pred: f=3300.0100 n_qn=6 U=(3300 2 1 1 3 4) L=(5 1 1 0 2 3) lin=2.0000e-05
Added assignment for 4.0000 MHz
Loaded 1 assignments from case.txt
legacy14_ei1e-5  -> n=1  exp=0.3375 exp_int=1.000e-05 pred: f=4.0000 n_qn=0 U=(1 4 0 0 0 3) L=(1 3 0 0 0 2511) lin=0.0000e+00
Added assignment for 0.0000 MHz
Loaded 1 assignments from case.txt
legacy14_ei5.2   -> n=1  exp=0.0000 exp_int=2.511e+03 pred: f=0.0000 n_qn=5 U=(4 1 4 0 0 0) L=(0 3 1 3 0 0) lin=2.5113e+03
Added assignment for 0.0100 MHz
Added assignment for 0.0100 MHz
Added assignment for 0.0100 MHz
Added assignment for 0.0100 MHz
Added assignment for 0.0100 MHz
Added assignment for 0.0100 MHz
Added assignment for 0.0100 MHz
Added assignment for 0.0100 MHz
Added assignment for 0.0100 MHz
Added assignment for 0.0100 MHz
Added assignment for 0.0100 MHz
Added assignment for 0.0100 MHz
Added assignment for 0.0100 MHz
Added assignment for 0.0100 MHz
Added assignment for 0.0100 MHz
Added assignment for 0.0100 MHz
Added assignment for 0.0100 MHz
Added assignment for 0.0100 MHz
Added assignment for 0.0100 MHz
Added assignment for 0.0100 MHz
Added assignment for 0.0100 MHz
Added assignment for 0.0100 MHz
Added assignment for 0.0100 MHz
Added assignment for 0.0100 MHz
Added assignment for 0.0100 MHz
Added assignment for 0.0100 MHz
Added assignment for 0.0100 MHz
Added assignment for 0.0100 MHz
Added assignment for 0.0100 MHz
Added assignment for 0.0100 MHz
Added assignment for 0.0100 MHz
Added assignment for 0.0100 MHz
Added assignment for 0.0100 MHz
Added assignment for 0.0100 MHz
Added assignment for 0.0100 MHz
Added assignment for 0.0100 MHz
Added assignment for 0.0100 MHz
Added assignment for 0.0100 MHz
Added assignment for 0.0100 MHz
Added assignment for 0.0100 MHz
Added assignment for 0.0100 MHz
Added assignment for 0.0100 MHz
Added assignment for 0.0100 MHz
Added assignment for 0.0100 MHz
Added assignment for 0.0100 MHz
Added assignment for 0.0100 MHz
Added assignment for 0.0100 MHz
Added assignment for 0.0100 MHz
Added assignment for 0.0100 MHz
Added assignment for 0.0100 MHz
Added assignment for 0.0100 MHz
Added assignment for 0.0100 MHz
Added assignment for 0.0100 MHz
Added assignment for 0.0100 MHz
Added assignment for 0.0100 MHz
Added assignment for 0.0100 MHz
Added assignment for 0.0100 MHz
Added assignment for 0.0100 MHz
Added assignment for 0.0100 MHz
Added assignment for 0.0100 MHz
Added assignment for 0.0100 MHz
Added assignment for 0.0100 MHz
Added assignment for 0.0100 MHz
Added assignment for 0.0100 MHz
Added assignment for 0.0100 MHz
Added assignment for 0.0100 MHz
Added assignment for 0.0100 MHz
Added assignment for 0.0100 MHz
Added assignment for 0.0100 MHz
Added assignment for 0.0100 MHz
Added assignment for 0.0100 MHz
Added assignment for 0.0100 MHz
Added assignment for 0.0100 MHz
Added assignment for 0.0100 MHz
Added assignment for 0.0100 MHz
Added assignment for 0.0100 MHz
Added assignment for 0.0100 MHz
Added assignment for 0.0100 MHz
Added assignment for 0.0100 MHz
Added assignment for 0.0100 MHz
Added assignment for 0.0100 MHz
Added assignment for 0.0100 MHz
Added assignment for 0.0100 MHz
Added assignment for 0.0100 MHz
Added assignment for 0.0100 MHz
Added assignment for 0.0100 MHz
Added assignment for 0.0100 MHz
Added assignment for 0.0100 MHz
Added assignment for 0.0100 MHz
Added assignment for 0.0100 MHz
Added assignment for 0.0100 MHz
Added assignment for 0.0100 MHz
Added assignment for 0.0100 MHz
Added assignment for 0.0100 MHz
Added assignment for 0.0100 MHz
Added assignment for 0.0100 MHz
Added assignment for 0.0100 MHz
Added assignment for 0.0100 MHz
Added assignment for 0.0100 MHz
Added assignment for 0.0100 MHz
Added assignment for 0.0100 MHz
Added assignment for 0.0100 MHz
Added assignment for 0.0100 MHz
Added assignment for 0.0100 MHz
Added assignment for 0.0100 MHz
Added assignment for 0.0100 MHz
Added assignment for 0.0100 MHz
Added assignment for 0.0100 MHz
Added assignment for 0.0100 MHz
Added assignment for 0.0100 MHz
Added assignment for 0.0100 MHz
Added assignment for 0.0100 MHz
Added assignment for 0.0100 MHz
Added assignment for 0.0100 MHz
Added assignment for 0.0100 MHz
Added assignment for 0.0100 MHz
Added assignment for 0.0100 MHz
Added assignment for 0.0100 MHz
Added assignment for 0.0100 MHz
Added assignment for 0.0100 MHz
Added assignment for 0.0100 MHz
Added assignment for 0.0100 MHz
Added assignment for 0.0100 MHz
Added assignment for 0.0100 MHz
Added assignment for 0.0100 MHz
Added assignment for 0.0100 MHz
Added assignment for 0.0100 MHz
Added assignment for 0.0100 MHz
Added assignment for 0.0100 MHz
Added assignment for 0.0100 MHz
Added assignment for 0.0100 MHz
Added assignment for 0.0100 MHz
Added assignment for 0.0100 MHz
Added assignment for 0.0100 MHz
Added assignment for 0.0100 MHz
Added assignment for 0.0100 MHz
Added assignment for 0.0100 MHz
Added assignment for 0.0100 MHz
Added assignment for 0.0100 MHz
Added assignment for 0.0100 MHz
Added assignment for 0.0100 MHz
Added assignment for 0.0100 MHz
Added assignment for 0.0100 MHz
Added assignment for 0.0100 MHz
Added assignment for 0.0100 MHz
Added assignment for 0.0100 MHz
Added assignment for 0.0100 MHz
Added assignment for 0.0100 MHz
Added assignment for 0.0100 MHz
Added assignment for 0.0100 MHz
Added assignment for 0.0100 MHz
Added assignment for 0.0100 MHz
Added assignment for 0.0100 MHz
Added assignment for 0.0100 MHz
Added assignment for 0.0100 MHz
Added assignment for 0.0100 MHz
Added assignment for 0.0100 MHz
Added assignment for 0.0100 MHz
Added assignment for 0.0100 MHz
Added assignment for 0.0100 MHz
Added assignment for 0.0100 MHz
Added assignment for 0.0100 MHz
Added assignment for 0.0100 MHz
Added assignment for 0.0100 MHz
Added assignment for 0.0100 MHz
Added assignment for 0.0100 MHz
Added assignment for 0.0100 MHz
Added assignment for 0.0100 MHz
Added assignment for 0.0100 MHz
Added assignment for 0.0100 MHz
Added assignment for 0.0100 MHz
Added assignment for 0.0100 MHz
Added assignment for 0.0100 MHz
Added assignment for 0.0100 MHz
Added assignment for 0.0100 MHz
Added assignment for 0.0100 MHz
Added assignment for 0.0100 MHz
Added assignment for 0.0100 MHz
Added assignment for 0.0100 MHz
Added assignment for 0.0100 MHz
Added assignment for 0.0100 MHz
Added assignment for 0.0100 MHz
Added assignment for 0.0100 MHz
Added assignment for 0.0100 MHz
Added assignment for 0.0100 MHz
Added assignment for 0.0100 MHz
Added assignment for 0.0100 MHz
Added assignment for 0.0100 MHz
Added assignment for 0.0100 MHz
Added assignment for 0.0100 MHz
Added assignment for 0.0100 MHz
Added assignment for 0.0100 MHz
Added assignment for 0.0100 MHz
Added assignment for 0.0100 MHz
Added assignment for 0.0100 MHz
Added assignment for 0.0100 MHz
Added assignment for 0.0100 MHz
Added assignment for 0.0100 MHz
Added assignment for 0.0100 MHz
Added assignment for 0.0100 MHz
Added assignment for 0.0100 MHz
Added assignment for 0.0100 MHz
Added assignment for 0.0100 MHz
Added assignment for 0.0100 MHz
Added assignment for 0.0100 MHz
Added assignment for 0.0100 MHz
Added assignment for 0.0100 MHz
Added assignment for 0.0100 MHz
Added assignment for 0.0100 MHz
Added assignment for 0.0100 MHz
Added assignment for 0.0100 MHz
Added assignment for 0.0100 MHz
Added assignment for 0.0100 MHz
Added assignment for 0.0100 MHz
Added assignment for 0.0100 MHz
Added assignment for 0.0100 MHz
Added assignment for 0.0100 MHz
Added assignment for 0.0100 MHz
Added assignment for 0.0100 MHz
Added assignment for 0.0100 MHz
Added assignment for 0.0100 MHz
Added assignment for 0.0100 MHz
Added assignment for 0.0100 MHz
Added assignment for 0.0100 MHz
Added assignment for 0.0100 MHz
Added assignment for 0.0100 MHz
Added assignment for 0.0100 MHz
Added assignment for 0.0100 MHz
Added assignment for 0.0100 MHz
Added assignment for 0.0100 MHz
Added assignment for 0.0100 MHz
Added assignment for 0.0100 MHz
Added assignment for 0.0100 MHz
Added assignment for 0.0100 MHz
Added assignment for 0.0100 MHz
Added assignment for 0.0100 MHz
Added assignment for 0.0100 MHz
Added assignment for 0.0100 MHz
Added assignment for 0.0100 MHz
Added assignment for 0.0100 MHz
Added assignment for 0.0100 MHz
Added assignment for 0.0100 MHz
Added assignment for 0.0100 MHz
Added assignment for 0.0100 MHz
Added assignment for 0.0100 MHz
Added assignment for 0.0100 MHz
Added assignment for 0.0100 MHz
Added assignment for 0.0100 MHz
Added assignment for 0.0100 MHz
Added assignment for 0.0100 MHz
Added assignment for 0.0100 MHz
Added assignment for 0.0100 MHz
Added assignment for 0.0100 MHz
Added assignment for 0.0100 MHz
Added assignment for 0.0100 MHz
Added assignment for 0.0100 MHz
Added assignment for 0.0100 MHz
Added assignment for 0.0100 MHz
Added assignment for 0.0100 MHz
Added assignment for 0.0100 MHz
Added assignment for 0.0100 MHz
Added assignment for 0.0100 MHz
Added assignment for 0.0100 MHz
Added assignment for 0.0100 MHz
Added assignment for 0.0100 MHz
Added assignment for 0.0100 MHz
Added assignment for 0.0100 MHz
Added assignment for 0.0100 MHz
Added assignment for 0.0100 MHz
Added assignment for 0.0100 MHz
Added assignment for 0.0100 MHz
Added assignment for 0.0100 MHz
Added assignment for 0.0100 MHz
Added assignment for 0.0100 MHz
Added assignment for 0.0100 MHz
Added assignment for 0.0100 MHz
Added assignment for 0.0100 MHz
Added assignment for 0.0100 MHz
Added assignment for 0.0100 MHz
Added assignment for 0.0100 MHz
Added assignment for 0.0100 MHz
Added assignment for 0.0100 MHz
Added assignment for 0.0100 MHz
Added assignment for 0.0100 MHz
Added assignment for 0.0100 MHz
Added assignment for 0.0100 MHz
Added assignment for 0.0100 MHz
Added assignment for 0.0100 MHz
Added assignment for 0.0100 MHz
Added assignment for 0.0100 MHz
Added assignment for 0.0100 MHz
Added assignment for 0.0100 MHz
Added assignment for 0.0100 MHz
Added assignment for 0.0100 MHz
Added assignment for 0.0100 MHz
Added assignment for 0.0100 MHz
Added assignment for 0.0100 MHz
Added assignment for 0.0100 MHz
Added assignment for 0.0100 MHz
Added assignment for 0.0100 MHz
Added assignment for 0.0100 MHz
Added assignment for 0.0100 MHz
Added assignment for 0.0100 MHz
Added assignment for 0.0100 MHz
Added assignment for 0.0100 MHz
Added assignment for 0.0100 MHz
Added assignment for 0.0100 MHz
Added assignment for 0.0100 MHz
Added assignment for 0.0100 MHz
Added assignment for 0.0100 MHz
Added assignment for 0.0100 MHz
Added assignment for 0.0100 MHz
Added assignment for 0.0100 MHz
Added assignment for 0.0100 MHz
Added assignment for 0.0100 MHz
Added assignment for 0.0100 MHz
Added assignment for 0.0100 MHz
Added assignment for 0.0100 MHz
Added assignment for 0.0100 MHz
Added assignment for 0.0100 MHz
Added assignment for 0.0100 MHz
Added assignment for 0.0100 MHz
Added assignment for 0.0100 MHz
Added assignment for 0.0100 MHz
Added assignment for 0.0100 MHz
Added assignment for 0.0100 MHz
Added assignment for 0.0100 MHz
Added assignment for 0.0100 MHz
Added assignment for 0.0100 MHz
Added assignment for 0.0100 MHz
Added assignment for 0.0100 MHz
Added assignment for 0.0100 MHz
Added assignment for 0.0100 MHz
Added assignment for 0.0100 MHz
Added assignment for 0.0100 MHz
Added assignment for 0.0100 MHz
Added assignment for 0.0100 MHz
Added assignment for 0.0100 MHz
Added assignment for 0.0100 MHz
Added assignment for 0.0100 MHz
Added assignment for 0.0100 MHz
Added assignment for 0.0100 MHz
Added assignment for 0.0100 MHz
Added assignment for 0.0100 MHz
Added assignment for 0.0100 MHz
Added assignment for 0.0100 MHz
Added assignment for 0.0100 MHz
Added assignment for 0.0100 MHz
Added assignment for 0.0100 MHz
Added assignment for 0.0100 MHz
Added assignment for 0.0100 MHz
Added assignment for 0.0100 MHz
Added assignment for 0.0100 MHz
Added assignment for 0.0100 MHz
Added assignment for 0.0100 MHz
Added assignment for 0.0100 MHz
Added assignment for 0.0100 MHz
Added assignment for 0.0100 MHz
Added assignment for 0.0100 MHz
Added assignment for 0.0100 MHz
Added assignment for 0.0100 MHz
Added assignment for 0.0100 MHz
Added assignment for 0.0100 MHz
Added assignment for 0.0100 MHz
Added assignment for 0.0100 MHz
Added assignment for 0.0100 MHz
Added assignment for 0.0100 MHz
Added assignment for 0.0100 MHz
Added assignment for 0.0100 MHz
Added assignment for 0.0100 MHz
Added assignment for 0.0100 MHz
Added assignment for 0.0100 MHz
Added assignment for 0.0100 MHz
Added assignment for 0.0100 MHz
Added assignment for 0.0100 MHz
Added assignment for 0.0100 MHz
Added assignment for 0.0100 MHz
Added assignment for 0.0100 MHz
Added assignment for 0.0100 MHz
Added assignment for 0.0100 MHz
Added assignment for 0.0100 MHz
Added assignment for 0.0100 MHz
Added assignment for 0.0100 MHz
Added assignment for 0.0100 MHz
Added assignment for 0.0100 MHz
Added assignment for 0.0100 MHz
Added assignment for 0.0100 MHz
Added assignment for 0.0100 MHz
Added assignment for 0.0100 MHz
Added assignment for 0.0100 MHz
Added assignment for 0.0100 MHz
Added assignment for 0.0100 MHz
Added assignment for 0.0100 MHz
Added assignment for 0.0100 MHz
Added assignment for 0.0100 MHz
Added assignment for 0.0100 MHz
Added assignment for 0.0100 MHz
Added assignment for 0.0100 MHz
Added assignment for 0.0100 MHz
Loaded 399 assignments from $REPO/assignments_backup.txt
assignments_backup.txt (.lin + NQN, 422 rows) -> n=399
  [0] exp=2511.3375 exp_int=1.000e+00 pred: f=0.0100 n_qn=4 U=(4 1 4 0 0 0) L=(3 1 3 0 0 0) lin=1.0000e+00
  [1] exp=2517.2251 exp_int=1.000e+00 pred: f=0.0100 n_qn=4 U=(4 0 4 0 0 0) L=(3 0 3 0 0 0) lin=1.0000e+00
  [2] exp=92517.2251 exp_int=1.000e+00 pred: f=0.0100 n_qn=4 U=(4 2 3 0 0 0) L=(3 2 2 0 0 0) lin=1.0000e+00
  [3] exp=2517.3593 exp_int=1.000e+00 pred: f=0.0100 n_qn=4 U=(4 2 2 0 0 0) L=(3 2 1 0 0 0) lin=1.0000e+00
  rows kept with exp_freq > 90000 MHz (undecoded .lin sentinel): 7
