SpectraVisual Pred&Fit quick model                      Thu Sep 10 12:27:54 2026
ID=     1 QSPINROT=       499.3099 MIN, MAX QN=   0   6
MIN.LOG.STR=    -8.000 MIN.LOG.STR(FRQ/300GHZ)**2=    -8.000 MAX FREQ        6.5 GHZ, TEMP=     1.00
     1 001 1 /a dipole moment
     2 002 1 /b dipole moment
     3 003 1.4 /c dipole moment
.VAR FILE TITLE :SpectraVisual Pred&Fit quick model                      Thu Sep 10 12:27:54 2026
                              PARAMETERS - A.PRIORI ERROR 
     1      1         10000   1.1513621628805E+03    2.106243E-04 A/
     2      2         20000   3.1615117569185E+02    3.979297E-05 B/
     3      3         30000   3.1317457899272E+02    5.239773E-05 C/
3 parameters read, 3 independent parameters
IQNFMT = 303
ENERGY SORT OF WANG SUB-BLOCKS
PROLATE ROTOR
    V KMIN KMAX WTPL WTMN ESYMWT NSYM SPINS
    0    0    6    1    1     99    2
BLOCK - WT - SYM - V - TSP - N  -  other quanta  (rel. to F=0 )
    1    1    x    0    0
    2    1    c    0    0
    3    1    b    0    0
    4    1    a    0    0
Maximum Dimension for Hamiltonian = 4
INITIAL Q =       499.3099, NEW Q IS RELATIVE TO MIN.EGY.=         0.0000
 NUMBER OF LINES =    178
TEMPERATURE - Q(SPIN-ROT.) - log Q(SPIN-ROT.)
    300.000       453.7581    2.6568
    225.000       453.3451    2.6564
    150.000       452.5208    2.6556
     75.000       450.0604    2.6533
     37.500       445.1952    2.6486
     18.750       435.6821    2.6392
      9.375       417.4892    2.6206
      1.000       224.4127    2.3510
