
==================== FORMATS: what load_existing_assignments makes of each accepted layout ====================
Loaded 0 assignments from case.txt
new_nqn4         -> n=0
Loaded 0 assignments from case.txt
new_nqn1_bug     -> n=0
Added assignment for 2511.3375 MHz
Loaded 1 assignments from case.txt
legacy16_nqn3    -> n=1  exp=2511.3375 exp_int=1.000e-05 pred: f=2511.3375 n_qn=3 U=(4 1 4 0 0 0) L=(3 1 3 0 0 0) lin=0.0000e+00
Added assignment for 3300.0000 MHz
Loaded 1 assignments from case.txt
legacy16_nqn6    -> n=1  exp=3300.0100 exp_int=2.000e-05 pred: f=3300.0000 n_qn=6 U=(2 1 1 3 4 5) L=(1 1 0 2 3 4) lin=0.0000e+00
Added assignment for 2511.3375 MHz
Loaded 1 assignments from case.txt
legacy14_ei1e-5  -> n=1  exp=2511.3375 exp_int=1.000e-05 pred: f=2511.3375 n_qn=0 U=(4 1 4 0 0 0) L=(3 1 3 0 0 0) lin=0.0000e+00
Added assignment for 2511.3375 MHz
Loaded 1 assignments from case.txt
legacy14_ei5.2   -> n=1  exp=2511.3375 exp_int=5.200e+00 pred: f=2511.3375 n_qn=0 U=(4 1 4 0 0 0) L=(3 1 3 0 0 0) lin=0.0000e+00
Loaded 0 assignments from $REPO/assignments_backup.txt
assignments_backup.txt (.lin + NQN, 422 rows) -> n=0
  rows kept with exp_freq > 90000 MHz (undecoded .lin sentinel): 0
