
==================== DELETING THE A ROW of the parameter table, then Calculate ====================
quick A B C still shown: 1151.3604 316.1511 313.1742, n_param = 2
model.int
model.var
model.out
model.cat
model.str
model.egy
SpectraVisual multi-state prediction                    Fri Sep 11 08:38:34 2026
 roll-over at K = 6
 roll-over at K = 6
 roll-over at K = 6
 roll-over at K = 7
 roll-over at K = 7
 roll-over at K = 6
 roll-over at K = 6
 roll-over at K = 7
 roll-over at K = 7
 roll-over at K = 6
 roll-over at K = 6
 roll-over at K = 7
 roll-over at K = 7
 roll-over at K = 6
 roll-over at K = 6
 roll-over at K = 7
 roll-over at K = 7
 roll-over at K = 6
 roll-over at K = 6
 roll-over at K = 7
 roll-over at K = 7
 roll-over at K = 6
 roll-over at K = 6
 roll-over at K = 7
 roll-over at K = 7
 roll-over at K = 6
 roll-over at K = 6
 roll-over at K = 7
 roll-over at K = 7
 roll-over at K = 6
 roll-over at K = 6
 roll-over at K = 7
 roll-over at K = 7
 roll-over at K = 6
 roll-over at K = 6
 roll-over at K = 7
 roll-over at K = 7
 roll-over at K = 6
 roll-over at K = 6
 roll-over at K = 7
 roll-over at K = 7
 roll-over at K = 6
 roll-over at K = 6
 roll-over at K = 7
 roll-over at K = 7
 roll-over at K = 6
 roll-over at K = 6
 roll-over at K = 7
 roll-over at K = 7
 roll-over at K = 6
 roll-over at K = 6
 roll-over at K = 7
 roll-over at K = 7
 roll-over at K = 6
 roll-over at K = 6
 roll-over at K = 7
 roll-over at K = 7
 roll-over at K = 6
 roll-over at K = 6
 roll-over at K = 7
 roll-over at K = 7
 roll-over at K = 6
 roll-over at K = 6
 roll-over at K = 7
 roll-over at K = 7
 roll-over at K = 6
 roll-over at K = 6
 roll-over at K = 7
 roll-over at K = 7
 roll-over at K = 6
 roll-over at K = 6
 roll-over at K = 7
 roll-over at K = 7
 roll-over at K = 6
 roll-over at K = 6
 roll-over at K = 7
 roll-over at K = 7
 roll-over at K = 6
 roll-over at K = 6
 roll-over at K = 7
 roll-over at K = 7
 roll-over at K = 6
 roll-over at K = 6
 roll-over at K = 7
 roll-over at K = 7
 roll-over at K = 6
 roll-over at K = 6
 roll-over at K = 7
 roll-over at K = 7
 roll-over at K = 6
 roll-over at K = 6
 roll-over at K = 7
 roll-over at K = 7
 roll-over at K = 6
 roll-over at K = 6
 roll-over at K = 7
 roll-over at K = 7
 roll-over at K = 6
 roll-over at K = 6
 roll-over at K = 7
 roll-over at K = 7
 roll-over at K = 6
 roll-over at K = 6
 roll-over at K = 7
 roll-over at K = 7
 roll-over at K = 6
 roll-over at K = 6
 roll-over at K = 7
 roll-over at K = 7
 roll-over at K = 6
 roll-over at K = 6
 roll-over at K = 7
 roll-over at K = 7
 roll-over at K = 6
 roll-over at K = 6
 roll-over at K = 7
 roll-over at K = 7
 roll-over at K = 6
 roll-over at K = 6
 roll-over at K = 7
 roll-over at K = 7
 roll-over at K = 6
 roll-over at K = 6
 roll-over at K = 7
 roll-over at K = 7
 roll-over at K = 6
 roll-over at K = 6
 roll-over at K = 7
 roll-over at K = 7
 roll-over at K = 6
 roll-over at K = 6
 roll-over at K = 7
 roll-over at K = 7
 roll-over at K = 6
 roll-over at K = 6
 roll-over at K = 7
 roll-over at K = 7
 roll-over at K = 6
INITIAL Q =      1412.2637, NEW Q IS RELATIVE TO MIN.EGY.=         0.0000
 NUMBER OF LINES =   5218
TEMPERATURE - Q(SPIN-ROT.) - log Q(SPIN-ROT.)
    300.000     88846.6095    4.9486
    225.000     87867.0917    4.9438
    150.000     85954.2146    4.9343
     75.000     80564.9739    4.9061
     37.500     71179.6853    4.8524
     18.750     56765.9058    4.7541
      9.375     38927.6710    4.5903
      2.000     10374.9119    4.0160
sorted     5218 lines
Calculate -> 1, status: SPCAT complete: multi-state model written to model.cat.
-- model.var:
  | SpectraVisual Pred&Fit quick model
  |    2    0    0    0      0.0000E+00      1.0000E+06      1.0000E+00 1.0000000000
  | s 1 1 0
  |        20000  3.161511127000000E+02  1.00000000E+00 /B/
  |        30000  3.131742368000000E+02  1.00000000E+00 /C/
-- first lines of model.cat:
  |        0.0001  0.0001-19.4969 3    0.0315  7      1 303 3 1 2       3 1 3       
  |        0.0002  0.0003-19.2933 3    0.5878 17      1 303 8 2 7       8 0 8       
  |        0.0002  0.0005-19.6972 3    2.2565 31      1 30315 510      15 511       
  | ...
