
==================== PRED&FIT consumes assignments from an external 3-QN CAT with NVIB forced to 3 ====================
spcat=/Users/filippobaroncelli/Desktop/Programmi_SP/calpgm/spcat
spfit=/Users/filippobaroncelli/Desktop/Programmi_SP/calpgm/spfit
hamiltonian line: 's 1 3 0', species=3, active=0
model.int
model.var
model.out
model.cat
model.str
model.egy
SpectraVisual multi-state prediction                    Fri Sep 11 01:34:11 2026
INITIAL Q =      1412.2637, NEW Q IS RELATIVE TO MIN.EGY.=         0.0000
 NUMBER OF LINES =  11167
TEMPERATURE - Q(SPIN-ROT.) - log Q(SPIN-ROT.)
    300.000    252904.6334    5.4030
    225.000    245915.4166    5.3908
    150.000    232737.4059    5.3669
     75.000    198748.3379    5.2983
     37.500    149239.8966    5.1739
     18.750     92181.4343    4.9646
      9.375     44613.5115    4.6495
      2.000      4904.9333    3.6906
sorted    11167 lines
Calculate -> 1, status: SPCAT complete: multi-state model written to model.cat.
model.cat loaded: n_pred=11167, pred_path=$RUNS/pfmix/.fit/model.cat, generated_active=1
model.cat n_qn: 4->11167 3->0 other->0
  |        0.0001  0.0000-19.6189 3    0.5193  9      11404 4 4 0 1     4 4 1 1     
  |        0.0002  0.0004-19.8971 3    2.0839 25      1140412 4 8 0    12 4 9 0     
  |        0.0003  0.0000-19.4599 3    2.1383 25      1140412 6 6 1    12 6 7 1     
  | ...
Added assignment for 2511.3318 MHz
Assigned 1 selected predicted line to 2511.3338 MHz
Added assignment for 2517.2220 MHz
Assigned 1 selected predicted line to 2517.2240 MHz
Added assignment for 3139.1499 MHz
Assigned 1 selected predicted line to 3139.1519 MHz
Added assignment for 3766.9583 MHz
Assigned 1 selected predicted line to 3766.9603 MHz
external CAT loaded: n_pred=2312, generated_active=0
Added assignment for 5034.5057 MHz
Assigned 1 selected predicted line to 5034.5077 MHz
Added assignment for 5650.3059 MHz
Assigned 1 selected predicted line to 5650.3079 MHz
Added assignment for 6905.7885 MHz
Assigned 1 selected predicted line to 6905.7905 MHz
Added assignment for 7533.5001 MHz
Assigned 1 selected predicted line to 7533.5021 MHz
-- assignments handed to Fit: n_assignments=8
  [0] exp=2511.3338 exp_int=1.000e+00 fit=1 pred: f=2511.3318 n_qn=4 U=(4 1 4 0 0 0) L=(3 1 3 0 0 0) lin=8.1752e-06
  [1] exp=2517.2240 exp_int=1.000e+00 fit=1 pred: f=2517.2220 n_qn=4 U=(4 0 4 0 0 0) L=(3 0 3 0 0 0) lin=8.9372e-06
  [2] exp=3139.1519 exp_int=1.000e+00 fit=1 pred: f=3139.1499 n_qn=4 U=(5 1 5 0 0 0) L=(4 1 4 0 0 0) lin=1.5279e-05
  [3] exp=3766.9603 exp_int=1.000e+00 fit=1 pred: f=3766.9583 n_qn=4 U=(6 1 6 0 0 0) L=(5 1 5 0 0 0) lin=2.4615e-05
  [4] exp=5034.5077 exp_int=1.000e+00 fit=1 pred: f=5034.5057 n_qn=3 U=(8 2 7 0 0 0) L=(7 2 6 0 0 0) lin=1.3640e-04
  [5] exp=5650.3079 exp_int=1.000e+00 fit=1 pred: f=5650.3059 n_qn=3 U=(9 1 9 0 0 0) L=(8 1 8 0 0 0) lin=1.7832e-04
  [6] exp=6905.7905 exp_int=1.000e+00 fit=1 pred: f=6905.7885 n_qn=1 U=(11 1 11 0 0 0) L=(10 1 10 0 0 0) lin=1.7923e-04
  [7] exp=7533.5021 exp_int=1.000e+00 fit=1 pred: f=7533.5001 n_qn=1 U=(12 1 12 0 0 0) L=(11 1 11 0 0 0) lin=1.6489e-04
model.par
model.lin
model.fit
model.bak
model.var
SpectraVisual Pred&Fit quick model                      Fri Sep 11 01:34:11 2026

LINES REQUESTED=    8 NUMBER OF PARAMETERS=  9 NUMBER OF ITERATIONS= 50
  MARQUARDT PARAMETER = 0.0000E+00 max (OBS-CALC)/ERROR =1.0000E+06
Bad Line(  5):   8  2  7  7  2  6  0  0                 5034.50770  0.01000
Bad Line(  6):   9  1  9  8  1  8  0  0                 5650.30790  0.01000
Converting Line 8
2 bad lines
Finished Quantum  12
    2 Lines rejected from fit
MARQUARDT PARAMETER = 0, TRUST EXPANSION = 1.00
 MICROWAVE AVG =        0.002000 MHz, IR AVG =        0.00000
 MICROWAVE RMS =        0.002000 MHz, IR RMS =        0.00000
 END OF ITERATION  1 OLD, NEW RMS ERROR=        0.20002         0.02738
Finished Quantum  12
    2 Lines rejected from fit
MARQUARDT PARAMETER = 0, TRUST EXPANSION = 1.00
 MICROWAVE AVG =        0.000038 MHz, IR AVG =        0.00000
 MICROWAVE RMS =        0.000274 MHz, IR RMS =        0.00000
 END OF ITERATION  2 OLD, NEW RMS ERROR=        0.02738         0.02738
SpectraVisual Pred&Fit quick model                      Fri Sep 11 01:34:11 2026
FIT COMPLETE
model.int
model.var
model.out
model.cat
model.str
model.egy
SpectraVisual multi-state prediction                    Fri Sep 11 01:34:11 2026
INITIAL Q =      1412.2637, NEW Q IS RELATIVE TO MIN.EGY.=         0.0000
 NUMBER OF LINES =  11167
TEMPERATURE - Q(SPIN-ROT.) - log Q(SPIN-ROT.)
    300.000    252904.6317    5.4030
    225.000    245915.4144    5.3908
    150.000    232737.4027    5.3669
     75.000    198748.3324    5.2983
     37.500    149239.8882    5.1739
     18.750     92181.4245    4.9646
      9.375     44613.5039    4.6495
      2.000      4904.9323    3.6906
sorted    11167 lines
Fit -> 1, status: SPFIT stopped after 2/50 iterations; MICROWAVE RMS =        0.000274 MHz
-- model.lin written by write_inputs:
  |   4  1  4  0  3  1  3  0                2511.333800   0.010000 1.0
  |   4  0  4  0  3  0  3  0                2517.224000   0.010000 1.0
  |   5  1  5  0  4  1  4  0                3139.151900   0.010000 1.0
  |   6  1  6  0  5  1  5  0                3766.960300   0.010000 1.0
  |   8  2  7  7  2  6                      5034.507700   0.010000 1.0
  |   9  1  9  8  1  8                      5650.307900   0.010000 1.0
  |  11 10                                  6905.790500   0.010000 1.0
  |  12 11                                  7533.502100   0.010000 1.0
-- model.fit observation echo (how SPFIT read each row):
  !   MARQUARDT PARAMETER = 0.0000E+00 max (OBS-CALC)/ERROR =1.0000E+06
  !                               PARAMETERS - A.PRIORI ERROR 
  ! Bad Line(  5):   8  2  7  7  2  6  0  0                 5034.50770  0.01000
  ! Bad Line(  6):   9  1  9  8  1  8  0  0                 5650.30790  0.01000
  |     1:   4  1  4  0  3  1  3  0                2511.33380    2511.33180    0.00200    0.01000   0.00000
  |     2:   4  0  4  0  3  0  3  0                2517.22400    2517.22197    0.00203    0.01000   0.00000
  |     3:   5  1  5  0  4  1  4  0                3139.15190    3139.14994    0.00196    0.01000   0.00000
  |     4:   6  1  6  0  5  1  5  0                3766.96030    3766.95829    0.00201    0.01000   0.00000
  |     7:  11 10  0  0  0  0  0  0                6905.79050  142775.91517 -999.99999    0.01000   0.00000
  |     8:  12 11  0  0  0  0  0  0                7533.50210  169571.86875 -999.99999    0.01000   0.00000
  !                                 NEW PARAMETER (EST. ERROR) -- CHANGE THIS ITERATION
  !  END OF ITERATION  1 OLD, NEW RMS ERROR=        0.20002         0.02738
  |     1:   4  1  4  0  3  1  3  0                2511.33380    2511.33335    0.00045    0.01000   0.00453
  |     2:   4  0  4  0  3  0  3  0                2517.22400    2517.22400   -0.00000    0.01000   0.01000
  |     3:   5  1  5  0  4  1  4  0                3139.15190    3139.15188    0.00002    0.01000   0.00569
  |     4:   6  1  6  0  5  1  5  0                3766.96030    3766.96061   -0.00031    0.01000   0.00686
  |     7:  11 10  0  0  0  0  0  0                6905.79050  142775.90035 -999.99999    0.01000 120.99939
  |     8:  12 11  0  0  0  0  0  0                7533.50210  169571.85083 -999.99999    0.01000 143.99929
  !                                 NEW PARAMETER (EST. ERROR) -- CHANGE THIS ITERATION
  !  END OF ITERATION  2 OLD, NEW RMS ERROR=        0.02738         0.02738
after Fit: pred_path=$RUNS/pfmix/.fit/model.cat n_pred=11167
