
==================== $REPO/pred.cat ====================
read_pred_cat_alloc -> 2312 lines
  Ju bucket |  n_qn=0   1    2    3    4    5    6
   0.. 9    |     0    0    0  542    0    0    0
  10..19    |     0    0    0 1174    0    0    0
  20..29    |     0    0    0  594    0    0    0
  30..39    |     0    0    0    2    0    0    0
  5999.2867: f=5999.2867 n_qn=3 U=(11 0 11 0 0 0) L=(10 1 9 0 0 0) lin=1.3649e-04

==================== $REPO/.fit/model.cat ====================
read_pred_cat_alloc -> 141 lines
  Ju bucket |  n_qn=0   1    2    3    4    5    6
   0.. 9    |     0    0    0    0   46    0    0
  10..19    |     0    0    0    0   54    0    0
  20..29    |     0    0    0    0   41    0    0

==================== $FIXTURES/cat3_303.cat ====================
read_pred_cat_alloc -> 6 lines
  Ju bucket |  n_qn=0   1    2    3    4    5    6
   0.. 9    |     0    0    0    1    0    0    0
  10..19    |     0    0    0    2    0    0    0
  20..29    |     0    0    0    1    0    0    0
  40..49    |     0    0    0    1    0    0    0
  70..79    |     0    0    0    1    0    0    0
  line f=3000.1000 n_qn=3 U=(5 1 5 0 0 0) L=(4 1 4 0 0 0) lin=1.0000e-04
  line f=5980.0000 n_qn=3 U=(11 1 11 0 0 0) L=(10 1 10 0 0 0) lin=7.9433e-05
  line f=5999.2867 n_qn=3 U=(11 0 11 0 0 0) L=(10 1 9 0 0 0) lin=1.3649e-04
  line f=7000.0000 n_qn=3 U=(25 3 22 0 0 0) L=(24 3 21 0 0 0) lin=6.3096e-05
  line f=8000.0000 n_qn=3 U=(45 2 43 0 0 0) L=(44 2 42 0 0 0) lin=5.0119e-05
  line f=9000.0000 n_qn=3 U=(72 1 71 0 0 0) L=(71 1 70 0 0 0) lin=3.9811e-05
  5999.2867: f=5999.2867 n_qn=3 U=(11 0 11 0 0 0) L=(10 1 9 0 0 0) lin=1.3649e-04

==================== $FIXTURES/cat4_304.cat ====================
read_pred_cat_alloc -> 4 lines
  Ju bucket |  n_qn=0   1    2    3    4    5    6
   0.. 9    |     0    0    0    0    2    0    0
  10..19    |     0    0    0    0    2    0    0
  line f=3100.0000 n_qn=4 U=(3 1 2 4 0 0) L=(2 1 1 3 0 0) lin=1.0000e-04
  line f=3100.3000 n_qn=4 U=(3 1 2 3 0 0) L=(2 1 1 2 0 0) lin=7.9433e-05
  line f=6100.0000 n_qn=4 U=(12 1 11 13 0 0) L=(11 1 10 12 0 0) lin=6.3096e-05
  line f=6100.3000 n_qn=4 U=(12 1 11 12 0 0) L=(11 1 10 11 0 0) lin=5.0119e-05

==================== $FIXTURES/cat4_1404.cat ====================
read_pred_cat_alloc -> 4 lines
  Ju bucket |  n_qn=0   1    2    3    4    5    6
   0.. 9    |     0    0    0    0    2    0    0
  10..19    |     0    0    0    0    2    0    0
  line f=2511.3375 n_qn=4 U=(4 1 4 0 0 0) L=(3 1 3 0 0 0) lin=1.0000e-04
  line f=2511.9000 n_qn=4 U=(4 1 4 1 0 0) L=(3 1 3 1 0 0) lin=7.9433e-05
  line f=6033.5894 n_qn=4 U=(12 2 10 2 0 0) L=(11 2 9 2 0 0) lin=6.3096e-05
  line f=6034.0000 n_qn=4 U=(12 2 10 0 0 0) L=(11 2 9 0 0 0) lin=5.0119e-05

==================== $FIXTURES/cat5_305.cat ====================
read_pred_cat_alloc -> 3 lines
  Ju bucket |  n_qn=0   1    2    3    4    5    6
   0.. 9    |     0    0    0    0    0    2    0
  10..19    |     0    0    0    0    0    1    0
  line f=3200.0000 n_qn=5 U=(4 0 4 5 5 0) L=(3 0 3 4 4 0) lin=1.0000e-04
  line f=3200.3000 n_qn=5 U=(4 0 4 5 6 0) L=(3 0 3 4 5 0) lin=7.9433e-05
  line f=6200.0000 n_qn=5 U=(15 1 14 16 16 0) L=(14 1 13 15 15 0) lin=6.3096e-05

==================== $FIXTURES/cat6_306.cat ====================
read_pred_cat_alloc -> 3 lines
  Ju bucket |  n_qn=0   1    2    3    4    5    6
   0.. 9    |     0    0    0    0    0    0    2
  10..19    |     0    0    0    0    0    0    1
  line f=3300.0000 n_qn=6 U=(2 1 1 3 4 5) L=(1 1 0 2 3 4) lin=1.0000e-04
  line f=3300.3000 n_qn=6 U=(2 1 1 3 4 4) L=(1 1 0 2 3 3) lin=7.9433e-05
  line f=6300.0000 n_qn=6 U=(13 1 12 14 15 16) L=(12 1 11 13 14 15) lin=6.3096e-05

==================== $FIXTURES/cat_letter.cat ====================
read_pred_cat_alloc -> 2 lines
  Ju bucket |  n_qn=0   1    2    3    4    5    6
   0.. 9    |     0    0    0    1    0    0    0
  90..99    |     0    0    0    1    0    0    0
  line f=3400.0000 n_qn=3 U=(105 3 102 0 0 0) L=(104 3 101 0 0 0) lin=1.0000e-04
  line f=3401.0000 n_qn=3 U=(6 3 3 0 0 0) L=(5 3 2 0 0 0) lin=1.0000e-04

==================== $FIXTURES/cat_trim.cat ====================
read_pred_cat_alloc -> 5 lines
  Ju bucket |  n_qn=0   1    2    3    4    5    6
   0.. 9    |     0    0    0    4    0    0    0
  10..19    |     0    0    0    1    0    0    0
  line f=192.7103 n_qn=3 U=(8 4 4 0 0 0) L=(9 3 6 0 0 0) lin=2.8432e-08
  line f=192.7226 n_qn=3 U=(8 4 5 0 0 0) L=(9 3 7 0 0 0) lin=2.8438e-08
  line f=221.5761 n_qn=3 U=(7 2 6 0 0 0) L=(6 3 4 0 0 0) lin=6.6481e-08
  line f=222.5756 n_qn=3 U=(7 2 5 0 0 0) L=(6 3 3 0 0 0) lin=6.7097e-08
  line f=392.7959 n_qn=3 U=(13 6 7 0 0 0) L=(14 5 9 0 0 0) lin=1.5578e-08
