
==================== ROUNDTRIP: CAT -> select -> peak -> assignment -> Save all -> restart ====================
catalogue: $FIXTURES/cat4_1404.cat
work/data_dir: $RUNS/rt1404
click at 2511.3375 MHz -> n_selected=1
   selected f=2511.3375 n_qn=4 U=(4 1 4 0 0 0) L=(3 1 3 0 0 0) lin=1.0000e-04
Peak found: 2511.3075 (Copied to clipboard)
Added assignment for 2511.3375 MHz
Assigned 1 selected predicted line to 2511.3075 MHz
click at 2511.9000 MHz -> n_selected=1
   selected f=2511.9000 n_qn=4 U=(4 1 4 1 0 0) L=(3 1 3 1 0 0) lin=7.9433e-05
Peak found: 2511.8700 (Copied to clipboard)
Added assignment for 2511.9000 MHz
Assigned 1 selected predicted line to 2511.8700 MHz
click at 6033.5894 MHz -> n_selected=1
   selected f=6033.5894 n_qn=4 U=(12 2 10 2 0 0) L=(11 2 9 2 0 0) lin=6.3096e-05
Peak found: 6033.5594 (Copied to clipboard)
Added assignment for 6033.5894 MHz
Assigned 1 selected predicted line to 6033.5594 MHz
click at 6034.0000 MHz -> n_selected=1
   selected f=6034.0000 n_qn=4 U=(12 2 10 0 0 0) L=(11 2 9 0 0 0) lin=5.0119e-05
Peak found: 6033.9700 (Copied to clipboard)
Added assignment for 6034.0000 MHz
Assigned 1 selected predicted line to 6033.9700 MHz
-- in memory (before Save all): n_assignments=4
  [0] exp=2511.3075 exp_int=1.000e+00 fit=1 pred: f=2511.3375 n_qn=4 U=(4 1 4 0 0 0) L=(3 1 3 0 0 0) lin=1.0000e-04
  [1] exp=2511.8700 exp_int=1.000e+00 fit=1 pred: f=2511.9000 n_qn=4 U=(4 1 4 1 0 0) L=(3 1 3 1 0 0) lin=7.9433e-05
  [2] exp=6033.5594 exp_int=1.000e+00 fit=1 pred: f=6033.5894 n_qn=4 U=(12 2 10 2 0 0) L=(11 2 9 2 0 0) lin=6.3096e-05
  [3] exp=6033.9700 exp_int=1.000e+00 fit=1 pred: f=6034.0000 n_qn=4 U=(12 2 10 0 0 0) L=(11 2 9 0 0 0) lin=5.0119e-05
-- $RUNS/rt1404/assignments.txt written by the real Save-all handler:
  | # SpectraVisual assignments, format 1: upper QNs, lower QNs (SPFIT .lin order), ObsFreq(MHz) CalcFreq(MHz) CalcIntensity NQN
  |   4  1  4  0  3  1  3  0                2511.307500     2511.337500    1.000000E-04 4
  |   4  1  4  1  3  1  3  1                2511.870000     2511.900000    7.943282E-05 4
  |  12  2 10  2 11  2  9  2                6033.559400     6033.589400    6.309573E-05 4
  |  12  2 10  0 11  2  9  0                6033.970000     6034.000000    5.011872E-05 4
Added assignment for 2511.3375 MHz
Added assignment for 2511.9000 MHz
Added assignment for 6033.5894 MHz
Added assignment for 6034.0000 MHz
Loaded 4 assignments from $RUNS/rt1404/assignments.txt
-- after restart (set_predictions -> ensure_aux_loaded): n_assignments=4
  [0] exp=2511.3075 exp_int=0.000e+00 fit=1 pred: f=2511.3375 n_qn=4 U=(4 1 4 0 0 0) L=(3 1 3 0 0 0) lin=1.0000e-04
  [1] exp=2511.8700 exp_int=0.000e+00 fit=1 pred: f=2511.9000 n_qn=4 U=(4 1 4 1 0 0) L=(3 1 3 1 0 0) lin=7.9433e-05
  [2] exp=6033.5594 exp_int=0.000e+00 fit=1 pred: f=6033.5894 n_qn=4 U=(12 2 10 2 0 0) L=(11 2 9 2 0 0) lin=6.3096e-05
  [3] exp=6033.9700 exp_int=0.000e+00 fit=1 pred: f=6034.0000 n_qn=4 U=(12 2 10 0 0 0) L=(11 2 9 0 0 0) lin=5.0119e-05
RESULT: 4 in memory, 4 restored, 0 transitions not restored identically
