
==================== ROUNDTRIP: CAT -> select -> peak -> assignment -> Save all -> restart ====================
catalogue: $FIXTURES/cat4_304.cat
work/data_dir: $RUNS/rt304
click at 3100.0000 MHz -> n_selected=1
   selected f=3100.0000 n_qn=4 U=(3 1 2 4 0 0) L=(2 1 1 3 0 0) lin=1.0000e-04
Peak found: 3099.9700 (Copied to clipboard)
Added assignment for 3100.0000 MHz
Assigned 1 selected predicted line to 3099.9700 MHz
click at 3100.3000 MHz -> n_selected=1
   selected f=3100.3000 n_qn=4 U=(3 1 2 3 0 0) L=(2 1 1 2 0 0) lin=7.9433e-05
Peak found: 3100.2700 (Copied to clipboard)
Added assignment for 3100.3000 MHz
Assigned 1 selected predicted line to 3100.2700 MHz
click at 6100.0000 MHz -> n_selected=1
   selected f=6100.0000 n_qn=1 U=(12 1 11 13 0 0) L=(11 1 10 12 0 0) lin=6.3096e-05
Peak found: 6099.9700 (Copied to clipboard)
Added assignment for 6100.0000 MHz
Assigned 1 selected predicted line to 6099.9700 MHz
click at 6100.3000 MHz -> n_selected=1
   selected f=6100.3000 n_qn=1 U=(12 1 11 12 0 0) L=(11 1 10 11 0 0) lin=5.0119e-05
Peak found: 6100.2700 (Copied to clipboard)
Added assignment for 6100.3000 MHz
Assigned 1 selected predicted line to 6100.2700 MHz
-- in memory (before Save all): n_assignments=4
  [0] exp=3099.9700 exp_int=1.000e+00 fit=1 pred: f=3100.0000 n_qn=4 U=(3 1 2 4 0 0) L=(2 1 1 3 0 0) lin=1.0000e-04
  [1] exp=3100.2700 exp_int=1.000e+00 fit=1 pred: f=3100.3000 n_qn=4 U=(3 1 2 3 0 0) L=(2 1 1 2 0 0) lin=7.9433e-05
  [2] exp=6099.9700 exp_int=1.000e+00 fit=1 pred: f=6100.0000 n_qn=1 U=(12 1 11 13 0 0) L=(11 1 10 12 0 0) lin=6.3096e-05
  [3] exp=6100.2700 exp_int=1.000e+00 fit=1 pred: f=6100.3000 n_qn=1 U=(12 1 11 12 0 0) L=(11 1 10 11 0 0) lin=5.0119e-05
Saved assignments.txt
-- $RUNS/rt304/assignments.txt written by the real Save-all handler:
  | # Upper QNs, lower QNs (SPFIT .lin order), ObsFreq(MHz) CalcFreq(MHz) CalcIntensity NQN
  |   3  1  2  4  2  1  1  3                3099.970000     3100.000000    1.000000E-04 4
  |   3  1  2  3  2  1  1  2                3100.270000     3100.300000    7.943282E-05 4
  |  12 11                                  6099.970000     6100.000000    6.309573E-05 1
  |  12 11                                  6100.270000     6100.300000    5.011872E-05 1
Added assignment for 3100.0000 MHz
Added assignment for 3100.3000 MHz
Added assignment for 6100.0000 MHz
Updated assignment for transition at 6100.3000 MHz
Loaded 4 assignments from $RUNS/rt304/assignments.txt
-- after restart (set_predictions -> ensure_aux_loaded): n_assignments=3
  [0] exp=3099.9700 exp_int=1.000e-04 fit=1 pred: f=3100.0000 n_qn=4 U=(3 1 2 4 0 0) L=(2 1 1 3 0 0) lin=1.0000e-04
  [1] exp=3100.2700 exp_int=7.943e-05 fit=1 pred: f=3100.3000 n_qn=4 U=(3 1 2 3 0 0) L=(2 1 1 2 0 0) lin=7.9433e-05
  [2] exp=6100.2700 exp_int=5.012e-05 fit=1 pred: f=6100.3000 n_qn=1 U=(12 0 0 0 0 0) L=(11 0 0 0 0 0) lin=5.0119e-05
   NOT RESTORED IDENTICALLY: f=6100.0000 n_qn=1 U=(12 1 11 13 0 0) L=(11 1 10 12 0 0) lin=6.3096e-05
   NOT RESTORED IDENTICALLY: f=6100.3000 n_qn=1 U=(12 1 11 12 0 0) L=(11 1 10 11 0 0) lin=5.0119e-05
RESULT: 4 in memory, 3 restored, 2 transitions not restored identically
