
==================== DATA LOSS: restart without .cat from another folder, then Save all ====================
Added assignment for 3000.1000 MHz
Assigned 1 selected predicted line to 3000.0800 MHz
Added assignment for 5999.2867 MHz
Assigned 1 selected predicted line to 5999.2667 MHz
Added assignment for 7000.0000 MHz
Assigned 1 selected predicted line to 6999.9800 MHz
-- session 1: data_dir/assignments.txt
  | # Upper QNs, lower QNs (SPFIT .lin order), ObsFreq(MHz) CalcFreq(MHz) CalcIntensity NQN
  |   5  1  5  4  1  4                      3000.080000     3000.100000    1.000000E-04 3
  |  11  0 11 10  1  9                      5999.266700     5999.286700    1.364897E-04 3
  |  25  3 22 24  3 21                      6999.980000     7000.000000    6.309573E-05 3
-- session 1: model.lin
  |   5  1  5  4  1  4                      3000.080000   0.010000 1.0
  |  11  0 11 10  1  9                      5999.266700   0.010000 1.0
  |  25  3 22 24  3 21                      6999.980000   0.010000 1.0
Added assignment for 3000.1000 MHz
Added assignment for 5999.2867 MHz
Added assignment for 7000.0000 MHz
Loaded 3 assignments from $RUNS/saveloss_data/assignments.txt
-- session 2 (no .cat, CWD != data_dir): n_assignments=3
  [0] exp=3000.0800 exp_int=1.000e-04 fit=1 pred: f=3000.1000 n_qn=3 U=(5 1 5 0 0 0) L=(4 1 4 0 0 0) lin=1.0000e-04
  [1] exp=5999.2667 exp_int=1.365e-04 fit=1 pred: f=5999.2867 n_qn=3 U=(11 0 11 0 0 0) L=(10 1 9 0 0 0) lin=1.3649e-04
  [2] exp=6999.9800 exp_int=6.310e-05 fit=1 pred: f=7000.0000 n_qn=3 U=(25 3 22 0 0 0) L=(24 3 21 0 0 0) lin=6.3096e-05
-- data_dir/assignments.txt after Save all in session 2:
  | # Upper QNs, lower QNs (SPFIT .lin order), ObsFreq(MHz) CalcFreq(MHz) CalcIntensity NQN
  |   5  1  5  4  1  4                      3000.080000     3000.100000    1.000000E-04 3
  |  11  0 11 10  1  9                      5999.266700     5999.286700    1.364897E-04 3
  |  25  3 22 24  3 21                      6999.980000     7000.000000    6.309573E-05 3
