
==================== UNDO: fit flags restored by index after the list changed ====================
model.int
model.var
model.out
model.cat
model.str
model.egy
SpectraVisual multi-state prediction                    Fri Sep 11 01:39:30 2026
INITIAL Q =      1412.2637, NEW Q IS RELATIVE TO MIN.EGY.=         0.0000
 NUMBER OF LINES =   3350
TEMPERATURE - Q(SPIN-ROT.) - log Q(SPIN-ROT.)
    300.000     83644.8836    4.9224
    225.000     81130.2799    4.9092
    150.000     76411.6885    4.8832
     75.000     64385.6490    4.8088
     37.500     47281.5059    4.6747
     18.750     28290.1731    4.4516
      9.375     13218.8068    4.1212
      2.000      1415.5665    3.1509
sorted     3350 lines
Added assignment for 2511.3318 MHz
Assigned 1 selected predicted line to 2511.3338 MHz
Added assignment for 2517.2220 MHz
Assigned 1 selected predicted line to 2517.2240 MHz
Added assignment for 3139.1499 MHz
Assigned 1 selected predicted line to 3139.1519 MHz
Added assignment for 3766.9583 MHz
Assigned 1 selected predicted line to 3766.9603 MHz
Added assignment for 4394.7550 MHz
Assigned 1 selected predicted line to 4394.7570 MHz
-- before Fit (row 1 excluded): n_assignments=5
  [0] exp=2511.3338 exp_int=1.000e+00 fit=1 pred: f=2511.3318 n_qn=3 U=(4 1 4 0 0 0) L=(3 1 3 0 0 0) lin=1.4534e-05
  [1] exp=2517.2240 exp_int=1.000e+00 fit=0 pred: f=2517.2220 n_qn=3 U=(4 0 4 0 0 0) L=(3 0 3 0 0 0) lin=1.5889e-05
  [2] exp=3139.1519 exp_int=1.000e+00 fit=1 pred: f=3139.1499 n_qn=3 U=(5 1 5 0 0 0) L=(4 1 4 0 0 0) lin=2.7164e-05
  [3] exp=3766.9603 exp_int=1.000e+00 fit=1 pred: f=3766.9583 n_qn=3 U=(6 1 6 0 0 0) L=(5 1 5 0 0 0) lin=4.3762e-05
  [4] exp=4394.7570 exp_int=1.000e+00 fit=1 pred: f=4394.7550 n_qn=3 U=(7 1 7 0 0 0) L=(6 1 6 0 0 0) lin=6.3504e-05
model.par
model.lin
model.fit
model.bak
model.var
SpectraVisual Pred&Fit quick model                      Fri Sep 11 01:39:30 2026

LINES REQUESTED=    5 NUMBER OF PARAMETERS=  3 NUMBER OF ITERATIONS= 50
  MARQUARDT PARAMETER = 0.0000E+00 max (OBS-CALC)/ERROR =1.0000E+06
Converting Line 5
Finished Quantum   7
    1 Lines rejected from fit
MARQUARDT PARAMETER = 0, TRUST EXPANSION = 1.00
 MICROWAVE AVG =        0.002003 MHz, IR AVG =        0.00000
 MICROWAVE RMS =        0.002003 MHz, IR RMS =        0.00000
 END OF ITERATION  1 OLD, NEW RMS ERROR=        0.20031         0.01483
Finished Quantum   7
    1 Lines rejected from fit
MARQUARDT PARAMETER = 0, TRUST EXPANSION = 1.00
 MICROWAVE AVG =        0.000014 MHz, IR AVG =        0.00000
 MICROWAVE RMS =        0.000116 MHz, IR RMS =        0.00000
 END OF ITERATION  2 OLD, NEW RMS ERROR=        0.01481         0.01480
Finished Quantum   7
    1 Lines rejected from fit
MARQUARDT PARAMETER = 0, TRUST EXPANSION = 1.00
 MICROWAVE AVG =        0.000010 MHz, IR AVG =        0.00000
 MICROWAVE RMS =        0.000116 MHz, IR RMS =        0.00000
 END OF ITERATION  3 OLD, NEW RMS ERROR=        0.01480         0.01480
SpectraVisual Pred&Fit quick model                      Fri Sep 11 01:39:30 2026
FIT COMPLETE
model.int
model.var
model.out
model.cat
model.str
model.egy
SpectraVisual multi-state prediction                    Fri Sep 11 01:39:30 2026
INITIAL Q =      1412.2637, NEW Q IS RELATIVE TO MIN.EGY.=         0.0000
 NUMBER OF LINES =   3348
TEMPERATURE - Q(SPIN-ROT.) - log Q(SPIN-ROT.)
    300.000     83644.8294    4.9224
    225.000     81130.2098    4.9092
    150.000     76411.5894    4.8832
     75.000     64385.4824    4.8088
     37.500     47281.2659    4.6747
     18.750     28289.9075    4.4516
      9.375     13218.6092    4.1212
      2.000      1415.5397    3.1509
sorted     3348 lines
Fit -> 1  history_count=1  status: SPFIT stopped after 3/50 iterations; MICROWAVE RMS =        0.000116 MHz
Deleted assignment for 2511.3318 MHz
-- after deleting row 0: n_assignments=4
  [0] exp=2517.2240 exp_int=1.000e+00 fit=0 pred: f=2517.2220 n_qn=3 U=(4 0 4 0 0 0) L=(3 0 3 0 0 0) lin=1.5889e-05
  [1] exp=3139.1519 exp_int=1.000e+00 fit=1 pred: f=3139.1499 n_qn=3 U=(5 1 5 0 0 0) L=(4 1 4 0 0 0) lin=2.7164e-05
  [2] exp=3766.9603 exp_int=1.000e+00 fit=1 pred: f=3766.9583 n_qn=3 U=(6 1 6 0 0 0) L=(5 1 5 0 0 0) lin=4.3762e-05
  [3] exp=4394.7570 exp_int=1.000e+00 fit=1 pred: f=4394.7550 n_qn=3 U=(7 1 7 0 0 0) L=(6 1 6 0 0 0) lin=6.3504e-05
model.int
model.var
model.out
model.cat
model.str
model.egy
SpectraVisual multi-state prediction                    Fri Sep 11 01:39:30 2026
INITIAL Q =      1412.2637, NEW Q IS RELATIVE TO MIN.EGY.=         0.0000
 NUMBER OF LINES =   3350
TEMPERATURE - Q(SPIN-ROT.) - log Q(SPIN-ROT.)
    300.000     83644.8836    4.9224
    225.000     81130.2799    4.9092
    150.000     76411.6885    4.8832
     75.000     64385.6490    4.8088
     37.500     47281.5059    4.6747
     18.750     28290.1731    4.4516
      9.375     13218.8068    4.1212
      2.000      1415.5665    3.1509
sorted     3350 lines
Undo -> 1  history_count=0  status: Restored pre-fit state; SPCAT refreshed.
-- after Undo: n_assignments=4
  [0] exp=2517.2240 exp_int=1.000e+00 fit=1 pred: f=2517.2220 n_qn=3 U=(4 0 4 0 0 0) L=(3 0 3 0 0 0) lin=1.5889e-05
  [1] exp=3139.1519 exp_int=1.000e+00 fit=0 pred: f=3139.1499 n_qn=3 U=(5 1 5 0 0 0) L=(4 1 4 0 0 0) lin=2.7164e-05
  [2] exp=3766.9603 exp_int=1.000e+00 fit=1 pred: f=3766.9583 n_qn=3 U=(6 1 6 0 0 0) L=(5 1 5 0 0 0) lin=4.3762e-05
  [3] exp=4394.7570 exp_int=1.000e+00 fit=1 pred: f=4394.7550 n_qn=3 U=(7 1 7 0 0 0) L=(6 1 6 0 0 0) lin=6.3504e-05
